../Core/Src/main.c:93:5:__io_putchar	24	static
../Core/Src/main.c:103:6:HAL_UART_RxCpltCallback	88	dynamic
../Core/Src/main.c:152:6:HAL_UART_TxCpltCallback	16	static
../Core/Src/main.c:163:5:main	16	static
../Core/Src/main.c:216:6:SystemClock_Config	96	static
../Core/Src/main.c:277:13:MX_I2C1_Init	8	static
../Core/Src/main.c:325:13:MX_RTC_Init	8	static
../Core/Src/main.c:364:13:MX_USART1_UART_Init	8	static
../Core/Src/main.c:399:13:MX_USART2_UART_Init	8	static
../Core/Src/main.c:434:13:MX_GPIO_Init	40	static
../Core/Src/main.c:467:6:Error_Handler	4	static,ignoring_inline_asm
