../Core/Src/main.c:102:5:__io_putchar	24	static
../Core/Src/main.c:112:6:HAL_UART_RxCpltCallback	112	dynamic
../Core/Src/main.c:167:6:HAL_UART_TxCpltCallback	16	static
../Core/Src/main.c:178:5:main	64	static
../Core/Src/main.c:273:6:SystemClock_Config	96	static
../Core/Src/main.c:336:13:MX_I2C1_Init	8	static
../Core/Src/main.c:384:13:MX_IWDG_Init	8	static
../Core/Src/main.c:413:13:MX_RTC_Init	8	static
../Core/Src/main.c:452:13:MX_USART1_UART_Init	8	static
../Core/Src/main.c:487:13:MX_USART2_UART_Init	8	static
../Core/Src/main.c:522:13:MX_GPIO_Init	40	static
../Core/Src/main.c:555:6:Error_Handler	4	static,ignoring_inline_asm
